Process PID:<REDACTED> started
Timestamp: <TIMESTAMP>
User ID: <UUID>